// Jest Snapshot v1, https://goo.gl/fbAQLP

exports[`Icon snapshot test 1`] = `
<DocumentFragment>
  <span
    class="icon "
  >
    <i
      class="fas fa-user-circle"
    />
  </span>
</DocumentFragment>
`;
