// Jest Snapshot v1, https://goo.gl/fbAQLP

exports[`PullRequestDetail snapshot test 1`] = `
<DocumentFragment>
  <section
    class="section"
  >
    <div
      class="container box code"
    >
      <div
        class="pa4 br2 ba b--light-gray mt4 bg-white"
      >
        <h1
          class="title code"
        >
          &lt;mock-value-for-field-"repository"&gt;#&lt;mock-value-for-field-"number"&gt;
        </h1>
        <h2
          class="subtitle code"
        >
          &lt;mock-value-for-field-"status"&gt;
        </h2>
      </div>
      <hr />
      <div>
        <div
          class="level"
        >
          <div
            class="level-left"
          >
            <div
              class="level-item"
            >
              <span
                class="icon color-success"
                title="Approved"
              >
                <svg
                  fill="none"
                  height="24"
                  stroke="currentColor"
                  stroke-linecap="round"
                  stroke-linejoin="round"
                  stroke-width="2"
                  viewBox="0 0 24 24"
                  width="24"
                  xmlns="http://www.w3.org/2000/svg"
                >
                  <path
                    d="M22 11.08V12a10 10 0 1 1-5.93-9.14"
                  />
                  <polyline
                    points="22 4 12 14.01 9 11.01"
                  />
                </svg>
              </span>
            </div>
            <div
              class="level-item"
            >
              <strong
                data-testid="reviewer-login"
              >
                &lt;mock-value-for-field-"login"&gt;
              </strong>
            </div>
            <div
              class="level-item"
              data-testid="review-rule-name"
            >
              &lt;mock-value-for-field-"name"&gt;
            </div>
          </div>
        </div>
      </div>
    </div>
  </section>
</DocumentFragment>
`;
