// Jest Snapshot v1, https://goo.gl/fbAQLP

exports[`Repository snapshot test 1`] = `
<DocumentFragment>
  <li>
    <a
      class="block hover:bg-gray-50"
      href="/repos/<mock-value-for-field-\\"owner\\">/<mock-value-for-field-\\"name\\">"
    >
      <div
        class="flex items-center px-4 py-4 sm:px-6"
      >
        <div
          class="mix-w-0 flex-1 flex items-center"
        >
          <div
            class="flexh-shrink-0"
          >
            <svg
              fill="none"
              height="24"
              stroke="currentColor"
              stroke-linecap="round"
              stroke-linejoin="round"
              stroke-width="2"
              viewBox="0 0 24 24"
              width="24"
              xmlns="http://www.w3.org/2000/svg"
            >
              <path
                d="M22 19a2 2 0 0 1-2 2H4a2 2 0 0 1-2-2V5a2 2 0 0 1 2-2h5l2 3h9a2 2 0 0 1 2 2z"
              />
            </svg>
          </div>
          <div
            class="min-w-0 flex-1 px-4 md:grid md:grid-cols-2 md:gap-4"
          >
            <div>
              <p
                class="text-sm font-medium truncate"
              >
                &lt;mock-value-for-field-"owner"&gt;/&lt;mock-value-for-field-"name"&gt;
              </p>
            </div>
          </div>
          <div>
            <svg
              fill="none"
              height="24"
              stroke="currentColor"
              stroke-linecap="round"
              stroke-linejoin="round"
              stroke-width="2"
              viewBox="0 0 24 24"
              width="24"
              xmlns="http://www.w3.org/2000/svg"
            >
              <polyline
                points="9 18 15 12 9 6"
              />
            </svg>
          </div>
        </div>
      </div>
    </a>
  </li>
</DocumentFragment>
`;
