// Jest Snapshot v1, https://goo.gl/fbAQLP

exports[`Reviewer snapshot test 1`] = `
<DocumentFragment>
  <li>
    <div
      class="flex items-center px-4 py-4 sm:px-6"
    >
      <div
        class="min-w-0 flex flex-1 items-center"
      >
        <div
          class="flex-shrink-0"
        >
          <span
            class="sr-only"
          >
            Approved
          </span>
          <svg
            class="flex-shrink-0 mr-1.5 h-5 w-5 text-green-500"
            fill="none"
            height="24"
            stroke="currentColor"
            stroke-linecap="round"
            stroke-linejoin="round"
            stroke-width="2"
            viewBox="0 0 24 24"
            width="24"
            xmlns="http://www.w3.org/2000/svg"
          >
            <path
              d="M22 11.08V12a10 10 0 1 1-5.93-9.14"
            />
            <polyline
              points="22 4 12 14.01 9 11.01"
            />
          </svg>
        </div>
        <div
          class="min-w-0 flex-1 px-4 md:grid md:grid-cols-2 md:gap-4"
        >
          <div>
            <p
              class="text-sm font-medium truncate"
              data-testid="reviewer-login"
            >
              &lt;mock-value-for-field-"login"&gt;
            </p>
            <p
              class="text-sm truncate text-gray-500"
              data-testid="review-rule-name"
            >
              &lt;mock-value-for-field-"name"&gt;
            </p>
          </div>
        </div>
      </div>
    </div>
  </li>
</DocumentFragment>
`;
